EN paddle_top NULL //fs-caedm/clkrbj/Documents/320/Lab6/Lab6/paddle_top.vhd sub00/vhpl02 1349726068
AR paddle_top behavioral //fs-caedm/clkrbj/Documents/320/Lab6/Lab6/paddle_top.vhd sub00/vhpl03 1349726069
EN vga_timing NULL //fs-caedm/clkrbj/Documents/320/Lab6/Lab6/vga_timing.vhd sub00/vhpl00 1349726066
AR vga_timing behavioral //fs-caedm/clkrbj/Documents/320/Lab6/Lab6/vga_timing.vhd sub00/vhpl01 1349726067
